// Jest Snapshot v1, https://goo.gl/fbAQLP

exports[`Test suite for getEventsByFilter(filter) offering module function it tries to get filters with a number 123 1`] = `"A string filter must be defined to query against the Kambi Offering API. E.g. \\"/football\\""`;
