// Jest Snapshot v1, https://goo.gl/fbAQLP

exports[`Test suite for getEvent(eventId) offering module function it tries to get an event without passing an event id 1`] = `"An event ID is required to return event information from Kambi Offering API"`;
