// Jest Snapshot v1, https://goo.gl/fbAQLP

exports[`Test suite for getEvent(eventId) offering module function it tries to get an event with an invalid event ID 1`] = `
Object {
  "body": "{\\"error\\":{\\"status\\":406,\\"message\\":\\"Not acceptable format\\"}}",
  "status": 406,
  "statusText": "Not Acceptable",
}
`;

exports[`Test suite for getEvent(eventId) offering module function it tries to get an event without passing an event id 1`] = `"Cannot read property 'length' of undefined"`;
